#-----------------------------------------------------------
# Vivado v2024.1 (64-bit)
# SW Build 5076996 on Wed May 22 18:37:14 MDT 2024
# IP Build 5075265 on Wed May 22 21:45:21 MDT 2024
# SharedData Build 5076995 on Wed May 22 18:29:18 MDT 2024
# Start of session at: Wed Dec  4 16:33:54 2024
# Process ID: 10696
# Current directory: C:/Users/marco/OneDrive/Documentos/GitHub/ProyectoVHDLCarRechDan/project
# Command line: vivado.exe -gui_launcher_event rodinguilauncherevent16084 C:\Users\marco\OneDrive\Documentos\GitHub\ProyectoVHDLCarRechDan\project\project_1.xpr
# Log file: C:/Users/marco/OneDrive/Documentos/GitHub/ProyectoVHDLCarRechDan/project/vivado.log
# Journal file: C:/Users/marco/OneDrive/Documentos/GitHub/ProyectoVHDLCarRechDan/project\vivado.jou
# Running On        :PortatilMarcos
# Platform          :Windows Server 2016 or Windows 10
# Operating System  :26100
# Processor Detail  :11th Gen Intel(R) Core(TM) i7-1165G7 @ 2.80GHz
# CPU Frequency     :2803 MHz
# CPU Physical cores:4
# CPU Logical cores :8
# Host memory       :16948 MB
# Swap memory       :3355 MB
# Total Virtual     :20303 MB
# Available Virtual :10568 MB
#-----------------------------------------------------------
start_gui
open_project C:/Users/marco/OneDrive/Documentos/GitHub/ProyectoVHDLCarRechDan/project/project_1.xpr
update_compile_order -fileset sources_1
launch_simulation
source CodBotones_tb.tcl
save_wave_config {C:/Users/marco/OneDrive/Documentos/GitHub/ProyectoVHDLCarRechDan/src/CodBotones_tb_behav.wcfg}
add_files -fileset sim_1 -norecurse C:/Users/marco/OneDrive/Documentos/GitHub/ProyectoVHDLCarRechDan/src/CodBotones_tb_behav.wcfg
set_property xsim.view {C:/Users/marco/OneDrive/Documentos/GitHub/ProyectoVHDLCarRechDan/src/Decod_Leds_Sec_tb_behav.wcfg C:/Users/marco/OneDrive/Documentos/GitHub/ProyectoVHDLCarRechDan/src/GenSecuencia_tb_behav.wcfg C:/Users/marco/OneDrive/Documentos/GitHub/ProyectoVHDLCarRechDan/src/CodBotones_tb_behav.wcfg} [get_filesets sim_1]
close_sim
launch_simulation
open_wave_config C:/Users/marco/OneDrive/Documentos/GitHub/ProyectoVHDLCarRechDan/src/CodBotones_tb_behav.wcfg
source CodBotones_tb.tcl
save_wave_config {C:/Users/marco/OneDrive/Documentos/GitHub/ProyectoVHDLCarRechDan/src/CodBotones_tb_behav.wcfg}
set_property SOURCE_SET sources_1 [get_filesets sim_1]
close [ open C:/Users/marco/OneDrive/Documentos/GitHub/ProyectoVHDLCarRechDan/src/CompSecuencia_tb.vhd w ]
add_files -fileset sim_1 C:/Users/marco/OneDrive/Documentos/GitHub/ProyectoVHDLCarRechDan/src/CompSecuencia_tb.vhd
update_compile_order -fileset sim_1
add_bp {C:/Users/marco/OneDrive/Documentos/GitHub/ProyectoVHDLCarRechDan/src/CodBotones.vhd} 55
remove_bps -file {C:/Users/marco/OneDrive/Documentos/GitHub/ProyectoVHDLCarRechDan/src/CodBotones.vhd} -line 55
# Disabling source management mode.  This is to allow the top design properties to be set without GUI intervention.
set_property source_mgmt_mode None [current_project]
set_property top CompSecuencia_tb [get_filesets sim_1]
set_property top_lib xil_defaultlib [get_filesets sim_1]
# Re-enabling previously disabled source management mode.
set_property source_mgmt_mode All [current_project]
update_compile_order -fileset sim_1
# Disabling source management mode.  This is to allow the top design properties to be set without GUI intervention.
set_property source_mgmt_mode None [current_project]
set_property top CompSecuencia [current_fileset]
# Re-enabling previously disabled source management mode.
set_property source_mgmt_mode All [current_project]
update_compile_order -fileset sources_1
launch_simulation
close_sim
