#-----------------------------------------------------------
# Vivado v2024.1 (64-bit)
# SW Build 5076996 on Wed May 22 18:37:14 MDT 2024
# IP Build 5075265 on Wed May 22 21:45:21 MDT 2024
# SharedData Build 5076995 on Wed May 22 18:29:18 MDT 2024
# Start of session at: Sat Dec  7 01:31:14 2024
# Process ID: 24204
# Current directory: C:/Users/carlo/Downloads/ProyectoVHDLCarRechDan/project
# Command line: vivado.exe -gui_launcher_event rodinguilauncherevent16480 C:\Users\carlo\Downloads\ProyectoVHDLCarRechDan\project\project_1.xpr
# Log file: C:/Users/carlo/Downloads/ProyectoVHDLCarRechDan/project/vivado.log
# Journal file: C:/Users/carlo/Downloads/ProyectoVHDLCarRechDan/project\vivado.jou
# Running On        :MSI
# Platform          :Windows Server 2016 or Windows 10
# Operating System  :22631
# Processor Detail  :11th Gen Intel(R) Core(TM) i7-1185G7 @ 3.00GHz
# CPU Frequency     :2995 MHz
# CPU Physical cores:4
# CPU Logical cores :8
# Host memory       :16867 MB
# Swap memory       :5637 MB
# Total Virtual     :22504 MB
# Available Virtual :5435 MB
#-----------------------------------------------------------
start_gui
open_project C:/Users/carlo/Downloads/ProyectoVHDLCarRechDan/project/project_1.xpr
update_compile_order -fileset sources_1
launch_simulation
source tb_decodificador_display.tcl
save_wave_config {C:/Users/carlo/Downloads/ProyectoVHDLCarRechDan/src/controlador_nivel_tb_behav.wcfg}
add_files -fileset sim_1 -norecurse C:/Users/carlo/Downloads/ProyectoVHDLCarRechDan/src/controlador_nivel_tb_behav.wcfg
set_property xsim.view {C:/Users/carlo/Downloads/ProyectoVHDLCarRechDan/src/Decod_Leds_Sec_tb_behav.wcfg C:/Users/carlo/Downloads/ProyectoVHDLCarRechDan/src/GenSecuencia_tb_behav.wcfg C:/Users/carlo/Downloads/ProyectoVHDLCarRechDan/src/CodBotones_tb_behav.wcfg C:/Users/carlo/Downloads/ProyectoVHDLCarRechDan/src/temporizador_tb_behav.wcfg C:/Users/carlo/Downloads/ProyectoVHDLCarRechDan/src/Controlador_de_Sec_tb_behav.wcfg C:/Users/carlo/Downloads/ProyectoVHDLCarRechDan/project/CompSecuencia_tb_behav.wcfg C:/Users/carlo/Downloads/ProyectoVHDLCarRechDan/src/CompSecuencia_tb_behav.wcfg C:/Users/carlo/Downloads/ProyectoVHDLCarRechDan/src/controlador_nivel_tb_behav.wcfg C:/Users/carlo/Downloads/ProyectoVHDLCarRechDan/src/controlador_nivel_tb_behav.wcfg} [get_filesets sim_1]
file mkdir C:/Users/carlo/Downloads/ProyectoVHDLCarRechDan/project/project_1.srcs/sources_1/new
close [ open C:/Users/carlo/Downloads/ProyectoVHDLCarRechDan/src/sync_button.vhd w ]
add_files C:/Users/carlo/Downloads/ProyectoVHDLCarRechDan/src/sync_button.vhd
update_compile_order -fileset sources_1
