#-----------------------------------------------------------
# Vivado v2024.1 (64-bit)
# SW Build 5076996 on Wed May 22 18:37:14 MDT 2024
# IP Build 5075265 on Wed May 22 21:45:21 MDT 2024
# SharedData Build 5076995 on Wed May 22 18:29:18 MDT 2024
# Start of session at: Tue Dec 17 00:52:55 2024
# Process ID: 6672
# Current directory: C:/Users/olsso/Documents/Universidad/4.1/Sistemas_Electronicos_Digitales/ProyectoVHDLCarRechDan/project
# Command line: vivado.exe -gui_launcher_event rodinguilauncherevent10876 C:\Users\olsso\Documents\Universidad\4.1\Sistemas_Electronicos_Digitales\ProyectoVHDLCarRechDan\project\project_1.xpr
# Log file: C:/Users/olsso/Documents/Universidad/4.1/Sistemas_Electronicos_Digitales/ProyectoVHDLCarRechDan/project/vivado.log
# Journal file: C:/Users/olsso/Documents/Universidad/4.1/Sistemas_Electronicos_Digitales/ProyectoVHDLCarRechDan/project\vivado.jou
# Running On        :MSI
# Platform          :Windows Server 2016 or Windows 10
# Operating System  :22631
# Processor Detail  :11th Gen Intel(R) Core(TM) i7-1165G7 @ 2.80GHz
# CPU Frequency     :2803 MHz
# CPU Physical cores:4
# CPU Logical cores :8
# Host memory       :16867 MB
# Swap memory       :1073 MB
# Total Virtual     :17941 MB
# Available Virtual :6519 MB
#-----------------------------------------------------------
start_gui
open_project C:/Users/olsso/Documents/Universidad/4.1/Sistemas_Electronicos_Digitales/ProyectoVHDLCarRechDan/project/project_1.xpr
# Disabling source management mode.  This is to allow the top design properties to be set without GUI intervention.
set_property source_mgmt_mode None [current_project]
set_property top ALL_tb [get_filesets sim_1]
set_property top_lib xil_defaultlib [get_filesets sim_1]
# Re-enabling previously disabled source management mode.
set_property source_mgmt_mode DisplayOnly [current_project]
launch_simulation
source ALL_tb.tcl
close_sim
launch_simulation
source ALL_tb.tcl
run 100 us
run 100 us
run 100 us
run 100 us
run 100 us
run 100 us
run 100 us
run 100 us
run 100 us
run 100 us
run 100 us
run 100 us
run 100 us
run 100 us
run 100 us
run 100 us
run 100 us
run 100 us
run 100 us
run 100 us
run 100 us
run 100 us
run 100 us
run 100 us
run 100 us
run 100 us
run 100 us
# Disabling source management mode.  This is to allow the top design properties to be set without GUI intervention.
set_property source_mgmt_mode None [current_project]
set_property top TOP_tb [get_filesets sim_1]
set_property top_lib xil_defaultlib [get_filesets sim_1]
# Re-enabling previously disabled source management mode.
set_property source_mgmt_mode DisplayOnly [current_project]
launch_simulation
close_sim
launch_simulation
source TOP_tb.tcl
run 100 us
run 100 us
run 100 us
run 100 us
run 100 us
run 100 us
run 100 us
run 100 us
run 100 us
run 100 us
run 100 us
run 100 us
run 100 us
run 100 us
run 100 us
run 100 us
run 100 us
run 100 us
run 100 us
run 100 us
run 100 us
run 100 us
run 100 us
run 100 us
run 100 us
run 100 us
run 100 us
reset_run synth_1
launch_runs synth_1 -jobs 8
wait_on_run synth_1
launch_runs impl_1 -jobs 8
wait_on_run impl_1
launch_runs impl_1 -to_step write_bitstream -jobs 8
wait_on_run impl_1
reset_run synth_1
launch_runs impl_1 -to_step write_bitstream -jobs 8
wait_on_run impl_1
launch_simulation -mode post-implementation -type timing
source TOP_tb.tcl
run 100 us
run 100 us
run 100 us
run 100 us
run 100 us
reset_run synth_1
launch_runs synth_1 -jobs 8
wait_on_run synth_1
launch_runs impl_1 -jobs 8
wait_on_run impl_1
close_sim
close_design
launch_simulation -mode post-implementation -type timing
source TOP_tb.tcl
run 100 us
run all
reset_run synth_1
launch_runs synth_1 -jobs 8
wait_on_run synth_1
launch_runs impl_1 -jobs 8
wait_on_run impl_1
close_sim
close_design
launch_simulation -mode post-implementation -type timing
source TOP_tb.tcl
reset_run synth_1
launch_runs synth_1 -jobs 8
wait_on_run synth_1
launch_runs impl_1 -jobs 8
wait_on_run impl_1
close_sim
close_design
launch_simulation -mode post-implementation -type timing
source TOP_tb.tcl
reset_run synth_1
launch_runs synth_1 -jobs 8
wait_on_run synth_1
launch_runs impl_1 -jobs 8
wait_on_run impl_1
close_sim
close_design
launch_simulation -mode post-implementation -type timing
source TOP_tb.tcl
close_sim
close_sim
