#-----------------------------------------------------------
# Vivado v2024.1 (64-bit)
# SW Build 5076996 on Wed May 22 18:37:14 MDT 2024
# IP Build 5075265 on Wed May 22 21:45:21 MDT 2024
# SharedData Build 5076995 on Wed May 22 18:29:18 MDT 2024
# Start of session at: Wed Dec  4 12:23:36 2024
# Process ID: 8896
# Current directory: C:/Users/marco/OneDrive/Documentos/GitHub/ProyectoVHDLCarRechDan/project
# Command line: vivado.exe -gui_launcher_event rodinguilauncherevent23608 C:\Users\marco\OneDrive\Documentos\GitHub\ProyectoVHDLCarRechDan\project\project_1.xpr
# Log file: C:/Users/marco/OneDrive/Documentos/GitHub/ProyectoVHDLCarRechDan/project/vivado.log
# Journal file: C:/Users/marco/OneDrive/Documentos/GitHub/ProyectoVHDLCarRechDan/project\vivado.jou
# Running On        :PortatilMarcos
# Platform          :Windows Server 2016 or Windows 10
# Operating System  :26100
# Processor Detail  :11th Gen Intel(R) Core(TM) i7-1165G7 @ 2.80GHz
# CPU Frequency     :2803 MHz
# CPU Physical cores:4
# CPU Logical cores :8
# Host memory       :16948 MB
# Swap memory       :2952 MB
# Total Virtual     :19901 MB
# Available Virtual :6492 MB
#-----------------------------------------------------------
start_gui
open_project C:/Users/marco/OneDrive/Documentos/GitHub/ProyectoVHDLCarRechDan/project/project_1.xpr
update_compile_order -fileset sources_1
close [ open C:/Users/marco/OneDrive/Documentos/GitHub/ProyectoVHDLCarRechDan/src/CodBotones.vhd w ]
add_files C:/Users/marco/OneDrive/Documentos/GitHub/ProyectoVHDLCarRechDan/src/CodBotones.vhd
update_compile_order -fileset sources_1
set_property SOURCE_SET sources_1 [get_filesets sim_1]
close [ open C:/Users/marco/OneDrive/Documentos/GitHub/ProyectoVHDLCarRechDan/src/CodBotones_tb.vhd w ]
add_files -fileset sim_1 C:/Users/marco/OneDrive/Documentos/GitHub/ProyectoVHDLCarRechDan/src/CodBotones_tb.vhd
update_compile_order -fileset sim_1
# Disabling source management mode.  This is to allow the top design properties to be set without GUI intervention.
set_property source_mgmt_mode None [current_project]
set_property top CodBotones [current_fileset]
# Re-enabling previously disabled source management mode.
set_property source_mgmt_mode All [current_project]
update_compile_order -fileset sources_1
# Disabling source management mode.  This is to allow the top design properties to be set without GUI intervention.
set_property source_mgmt_mode None [current_project]
set_property top CodBotones_tb [get_filesets sim_1]
set_property top_lib xil_defaultlib [get_filesets sim_1]
# Re-enabling previously disabled source management mode.
set_property source_mgmt_mode All [current_project]
update_compile_order -fileset sim_1
launch_simulation
